// Jest Snapshot v1, https://goo.gl/fbAQLP

exports[`отображение списка задач 1`] = `
"Snapshot Diff:
Compared values have no visual difference."
`;
